Archive member included to satisfy reference by file (symbol)

/usr/lib64/libc_nonshared.a(elf-init.oS)
                              /usr/lib/gcc/x86_64-redhat-linux/8/../../../../lib64/crt1.o (__libc_csu_init)

Merging program properties

Removed property 0xc0000002 to merge 0x5643f96bd4f0B (0x3) and 0x5643f96cd3b0B (not found)
Removed property 0xc0000002 to merge 0x5643f96bd4f0B (not found) and 0x5643f973e540B (0x3)
Removed property 0xc0000002 to merge 0x5643f96bd4f0B (not found) and 0x5643f98db620B (0x3)
Removed property 0xc0000002 to merge 0x5643f96bd4f0B (not found) and 0x5643f98dfde0B (0x3)

Discarded input sections

 .group         0x0000000000000000       0x10 /usr/lib/gcc/x86_64-redhat-linux/8/../../../../lib64/crt1.o
 .group         0x0000000000000000       0x18 /usr/lib/gcc/x86_64-redhat-linux/8/../../../../lib64/crt1.o
 .group         0x0000000000000000       0x18 /usr/lib/gcc/x86_64-redhat-linux/8/../../../../lib64/crt1.o
 .group         0x0000000000000000       0x18 /usr/lib/gcc/x86_64-redhat-linux/8/../../../../lib64/crt1.o
 .group         0x0000000000000000       0x18 /usr/lib/gcc/x86_64-redhat-linux/8/../../../../lib64/crt1.o
 .group         0x0000000000000000       0x10 /usr/lib/gcc/x86_64-redhat-linux/8/../../../../lib64/crt1.o
 .group         0x0000000000000000       0x18 /usr/lib/gcc/x86_64-redhat-linux/8/../../../../lib64/crt1.o
 .group         0x0000000000000000       0x18 /usr/lib/gcc/x86_64-redhat-linux/8/../../../../lib64/crt1.o
 .group         0x0000000000000000       0x18 /usr/lib/gcc/x86_64-redhat-linux/8/../../../../lib64/crt1.o
 .group         0x0000000000000000       0x18 /usr/lib/gcc/x86_64-redhat-linux/8/../../../../lib64/crt1.o
 .note.gnu.property
                0x0000000000000000       0x20 /usr/lib/gcc/x86_64-redhat-linux/8/../../../../lib64/crt1.o
 .note.GNU-stack
                0x0000000000000000        0x0 /usr/lib/gcc/x86_64-redhat-linux/8/../../../../lib64/crt1.o
 .note.gnu.property
                0x0000000000000000       0x20 /usr/lib/gcc/x86_64-redhat-linux/8/../../../../lib64/crti.o
 .note.GNU-stack
                0x0000000000000000        0x0 /usr/lib/gcc/x86_64-redhat-linux/8/../../../../lib64/crti.o
 .note.GNU-stack
                0x0000000000000000        0x0 /usr/lib/gcc/x86_64-redhat-linux/8/crtbegin.o
 .note.gnu.property
                0x0000000000000000       0x20 /usr/lib/gcc/x86_64-redhat-linux/8/crtbegin.o
 .note.GNU-stack
                0x0000000000000000        0x0 /tmp/cczrA4mr.o
 .group         0x0000000000000000       0x14 /usr/lib64/libc_nonshared.a(elf-init.oS)
 .group         0x0000000000000000       0x18 /usr/lib64/libc_nonshared.a(elf-init.oS)
 .group         0x0000000000000000       0x18 /usr/lib64/libc_nonshared.a(elf-init.oS)
 .group         0x0000000000000000       0x18 /usr/lib64/libc_nonshared.a(elf-init.oS)
 .group         0x0000000000000000       0x18 /usr/lib64/libc_nonshared.a(elf-init.oS)
 .note.GNU-stack
                0x0000000000000000        0x0 /usr/lib64/libc_nonshared.a(elf-init.oS)
 .note.gnu.property
                0x0000000000000000       0x20 /usr/lib64/libc_nonshared.a(elf-init.oS)
 .note.GNU-stack
                0x0000000000000000        0x0 /usr/lib/gcc/x86_64-redhat-linux/8/crtend.o
 .note.gnu.property
                0x0000000000000000       0x20 /usr/lib/gcc/x86_64-redhat-linux/8/crtend.o
 .note.gnu.property
                0x0000000000000000       0x20 /usr/lib/gcc/x86_64-redhat-linux/8/../../../../lib64/crtn.o
 .note.GNU-stack
                0x0000000000000000        0x0 /usr/lib/gcc/x86_64-redhat-linux/8/../../../../lib64/crtn.o

Memory Configuration

Name             Origin             Length             Attributes
*default*        0x0000000000000000 0xffffffffffffffff

Linker script and memory map

LOAD /usr/lib/gcc/x86_64-redhat-linux/8/../../../../lib64/crt1.o
LOAD /usr/lib/gcc/x86_64-redhat-linux/8/../../../../lib64/crti.o
LOAD /usr/lib/gcc/x86_64-redhat-linux/8/crtbegin.o
LOAD /tmp/cczrA4mr.o
LOAD /usr/lib/gcc/x86_64-redhat-linux/8/libgcc.a
LOAD /usr/lib/gcc/x86_64-redhat-linux/8/libgcc_s.so
START GROUP
LOAD /lib64/libgcc_s.so.1
LOAD /usr/lib/gcc/x86_64-redhat-linux/8/libgcc.a
END GROUP
LOAD /usr/lib/gcc/x86_64-redhat-linux/8/../../../../lib64/libc.so
START GROUP
LOAD /lib64/libc.so.6
LOAD /usr/lib64/libc_nonshared.a
LOAD /lib64/ld-linux-x86-64.so.2
END GROUP
LOAD /usr/lib/gcc/x86_64-redhat-linux/8/libgcc.a
LOAD /usr/lib/gcc/x86_64-redhat-linux/8/libgcc_s.so
START GROUP
LOAD /lib64/libgcc_s.so.1
LOAD /usr/lib/gcc/x86_64-redhat-linux/8/libgcc.a
END GROUP
LOAD /usr/lib/gcc/x86_64-redhat-linux/8/crtend.o
LOAD /usr/lib/gcc/x86_64-redhat-linux/8/../../../../lib64/crtn.o
                [!provide]                        PROVIDE (__executable_start = SEGMENT_START ("text-segment", 0x400000))
                0x0000000000400238                . = (SEGMENT_START ("text-segment", 0x400000) + SIZEOF_HEADERS)

.interp         0x0000000000400238       0x1c
 *(.interp)
 .interp        0x0000000000400238       0x1c /usr/lib/gcc/x86_64-redhat-linux/8/../../../../lib64/crt1.o

.note.ABI-tag   0x0000000000400254       0x20
 .note.ABI-tag  0x0000000000400254       0x20 /usr/lib/gcc/x86_64-redhat-linux/8/../../../../lib64/crt1.o

.note.gnu.build-id
                0x0000000000400274       0x24
 *(.note.gnu.build-id)
 .note.gnu.build-id
                0x0000000000400274       0x24 /usr/lib/gcc/x86_64-redhat-linux/8/../../../../lib64/crt1.o

.hash
 *(.hash)

.gnu.hash       0x0000000000400298       0x1c
 *(.gnu.hash)
 .gnu.hash      0x0000000000400298       0x1c /usr/lib/gcc/x86_64-redhat-linux/8/../../../../lib64/crt1.o

.dynsym         0x00000000004002b8      0x108
 *(.dynsym)
 .dynsym        0x00000000004002b8      0x108 /usr/lib/gcc/x86_64-redhat-linux/8/../../../../lib64/crt1.o

.dynstr         0x00000000004003c0       0x9c
 *(.dynstr)
 .dynstr        0x00000000004003c0       0x9c /usr/lib/gcc/x86_64-redhat-linux/8/../../../../lib64/crt1.o

.gnu.version    0x000000000040045c       0x16
 *(.gnu.version)
 .gnu.version   0x000000000040045c       0x16 /usr/lib/gcc/x86_64-redhat-linux/8/../../../../lib64/crt1.o

.gnu.version_d  0x0000000000400478        0x0
 *(.gnu.version_d)
 .gnu.version_d
                0x0000000000400478        0x0 /usr/lib/gcc/x86_64-redhat-linux/8/../../../../lib64/crt1.o

.gnu.version_r  0x0000000000400478       0x30
 *(.gnu.version_r)
 .gnu.version_r
                0x0000000000400478       0x30 /usr/lib/gcc/x86_64-redhat-linux/8/../../../../lib64/crt1.o

.rela.dyn       0x00000000004004a8       0x60
 *(.rela.init)
 *(.rela.text .rela.text.* .rela.gnu.linkonce.t.*)
 .rela.text     0x00000000004004a8        0x0 /usr/lib/gcc/x86_64-redhat-linux/8/../../../../lib64/crt1.o
 *(.rela.fini)
 *(.rela.rodata .rela.rodata.* .rela.gnu.linkonce.r.*)
 *(.rela.data .rela.data.* .rela.gnu.linkonce.d.*)
 .rela.data.rel.ro
                0x00000000004004a8        0x0 /usr/lib/gcc/x86_64-redhat-linux/8/../../../../lib64/crt1.o
 *(.rela.tdata .rela.tdata.* .rela.gnu.linkonce.td.*)
 *(.rela.tbss .rela.tbss.* .rela.gnu.linkonce.tb.*)
 *(.rela.ctors)
 *(.rela.dtors)
 *(.rela.got)
 .rela.got      0x00000000004004a8       0x60 /usr/lib/gcc/x86_64-redhat-linux/8/../../../../lib64/crt1.o
 *(.rela.bss .rela.bss.* .rela.gnu.linkonce.b.*)
 .rela.bss      0x0000000000400508        0x0 /usr/lib/gcc/x86_64-redhat-linux/8/../../../../lib64/crt1.o
 *(.rela.ldata .rela.ldata.* .rela.gnu.linkonce.l.*)
 *(.rela.lbss .rela.lbss.* .rela.gnu.linkonce.lb.*)
 *(.rela.lrodata .rela.lrodata.* .rela.gnu.linkonce.lr.*)
 *(.rela.ifunc)

.rela.plt       0x0000000000400508       0x90
 *(.rela.plt)
 .rela.plt      0x0000000000400508       0x90 /usr/lib/gcc/x86_64-redhat-linux/8/../../../../lib64/crt1.o
                [!provide]                        PROVIDE (__rela_iplt_start = .)
 *(.rela.iplt)
 .rela.iplt     0x0000000000400598        0x0 /usr/lib/gcc/x86_64-redhat-linux/8/../../../../lib64/crt1.o
                [!provide]                        PROVIDE (__rela_iplt_end = .)

.init           0x0000000000400598       0x1b
 *(SORT_NONE(.init))
 .init          0x0000000000400598       0x16 /usr/lib/gcc/x86_64-redhat-linux/8/../../../../lib64/crti.o
                0x0000000000400598                _init
 .init          0x00000000004005ae        0x5 /usr/lib/gcc/x86_64-redhat-linux/8/../../../../lib64/crtn.o

.plt            0x00000000004005c0       0x70
 *(.plt)
 .plt           0x00000000004005c0       0x70 /usr/lib/gcc/x86_64-redhat-linux/8/../../../../lib64/crt1.o
                0x00000000004005d0                puts@@GLIBC_2.2.5
                0x00000000004005e0                strlen@@GLIBC_2.2.5
                0x00000000004005f0                printf@@GLIBC_2.2.5
                0x0000000000400600                difftime@@GLIBC_2.2.5
                0x0000000000400610                memcpy@@GLIBC_2.14
                0x0000000000400620                time@@GLIBC_2.2.5
 *(.iplt)
 .iplt          0x0000000000400630        0x0 /usr/lib/gcc/x86_64-redhat-linux/8/../../../../lib64/crt1.o

.plt.got        0x0000000000400630        0x0
 *(.plt.got)
 .plt.got       0x0000000000400630        0x0 /usr/lib/gcc/x86_64-redhat-linux/8/../../../../lib64/crt1.o

.plt.sec
 *(.plt.sec)

.text           0x0000000000400630      0x255
 *(.text.unlikely .text.*_unlikely .text.unlikely.*)
 .text.unlikely
                0x0000000000400630        0x0 /usr/lib/gcc/x86_64-redhat-linux/8/../../../../lib64/crt1.o
 .text.unlikely
                0x0000000000400630        0x0 /usr/lib/gcc/x86_64-redhat-linux/8/../../../../lib64/crt1.o
 .text.unlikely.zzz
                0x0000000000400630        0x0 /usr/lib/gcc/x86_64-redhat-linux/8/../../../../lib64/crt1.o
 .text.unlikely
                0x0000000000400630        0x0 /usr/lib/gcc/x86_64-redhat-linux/8/../../../../lib64/crt1.o
 .text.unlikely
                0x0000000000400630        0x0 /usr/lib/gcc/x86_64-redhat-linux/8/../../../../lib64/crt1.o
 .text.unlikely.zzz
                0x0000000000400630        0x0 /usr/lib/gcc/x86_64-redhat-linux/8/../../../../lib64/crt1.o
 .text.unlikely
                0x0000000000400630        0x0 /usr/lib64/libc_nonshared.a(elf-init.oS)
 .text.unlikely
                0x0000000000400630        0x0 /usr/lib64/libc_nonshared.a(elf-init.oS)
 .text.unlikely.zzz
                0x0000000000400630        0x0 /usr/lib64/libc_nonshared.a(elf-init.oS)
 *(.text.exit .text.exit.*)
 .text.exit     0x0000000000400630        0x0 /usr/lib/gcc/x86_64-redhat-linux/8/../../../../lib64/crt1.o
 .text.exit     0x0000000000400630        0x0 /usr/lib/gcc/x86_64-redhat-linux/8/../../../../lib64/crt1.o
 .text.exit.zzz
                0x0000000000400630        0x0 /usr/lib/gcc/x86_64-redhat-linux/8/../../../../lib64/crt1.o
 .text.exit     0x0000000000400630        0x0 /usr/lib/gcc/x86_64-redhat-linux/8/../../../../lib64/crt1.o
 .text.exit     0x0000000000400630        0x0 /usr/lib/gcc/x86_64-redhat-linux/8/../../../../lib64/crt1.o
 .text.exit.zzz
                0x0000000000400630        0x0 /usr/lib/gcc/x86_64-redhat-linux/8/../../../../lib64/crt1.o
 .text.exit     0x0000000000400630        0x0 /usr/lib64/libc_nonshared.a(elf-init.oS)
 .text.exit     0x0000000000400630        0x0 /usr/lib64/libc_nonshared.a(elf-init.oS)
 .text.exit.zzz
                0x0000000000400630        0x0 /usr/lib64/libc_nonshared.a(elf-init.oS)
 *(.text.startup .text.startup.*)
 .text.startup  0x0000000000400630        0x0 /usr/lib/gcc/x86_64-redhat-linux/8/../../../../lib64/crt1.o
 .text.startup  0x0000000000400630        0x0 /usr/lib/gcc/x86_64-redhat-linux/8/../../../../lib64/crt1.o
 .text.startup.zzz
                0x0000000000400630        0x0 /usr/lib/gcc/x86_64-redhat-linux/8/../../../../lib64/crt1.o
 .text.startup  0x0000000000400630        0x0 /usr/lib/gcc/x86_64-redhat-linux/8/../../../../lib64/crt1.o
 .text.startup  0x0000000000400630        0x0 /usr/lib/gcc/x86_64-redhat-linux/8/../../../../lib64/crt1.o
 .text.startup.zzz
                0x0000000000400630        0x0 /usr/lib/gcc/x86_64-redhat-linux/8/../../../../lib64/crt1.o
 .text.startup  0x0000000000400630        0x0 /usr/lib64/libc_nonshared.a(elf-init.oS)
 .text.startup  0x0000000000400630        0x0 /usr/lib64/libc_nonshared.a(elf-init.oS)
 .text.startup.zzz
                0x0000000000400630        0x0 /usr/lib64/libc_nonshared.a(elf-init.oS)
 *(.text.hot .text.hot.*)
 .text.hot      0x0000000000400630        0x0 /usr/lib/gcc/x86_64-redhat-linux/8/../../../../lib64/crt1.o
 .text.hot      0x0000000000400630        0x0 /usr/lib/gcc/x86_64-redhat-linux/8/../../../../lib64/crt1.o
 .text.hot.zzz  0x0000000000400630        0x0 /usr/lib/gcc/x86_64-redhat-linux/8/../../../../lib64/crt1.o
 .text.hot      0x0000000000400630        0x0 /usr/lib/gcc/x86_64-redhat-linux/8/../../../../lib64/crt1.o
 .text.hot      0x0000000000400630        0x0 /usr/lib/gcc/x86_64-redhat-linux/8/../../../../lib64/crt1.o
 .text.hot.zzz  0x0000000000400630        0x0 /usr/lib/gcc/x86_64-redhat-linux/8/../../../../lib64/crt1.o
 .text.hot      0x0000000000400630        0x0 /usr/lib64/libc_nonshared.a(elf-init.oS)
 .text.hot      0x0000000000400630        0x0 /usr/lib64/libc_nonshared.a(elf-init.oS)
 .text.hot.zzz  0x0000000000400630        0x0 /usr/lib64/libc_nonshared.a(elf-init.oS)
 *(.text .stub .text.* .gnu.linkonce.t.*)
 .text          0x0000000000400630       0x2f /usr/lib/gcc/x86_64-redhat-linux/8/../../../../lib64/crt1.o
                0x0000000000400630                _start
 .text          0x000000000040065f        0x0 /usr/lib/gcc/x86_64-redhat-linux/8/../../../../lib64/crt1.o
 *fill*         0x000000000040065f        0x1 
 .text          0x0000000000400660        0x5 /usr/lib/gcc/x86_64-redhat-linux/8/../../../../lib64/crt1.o
                0x0000000000400660                _dl_relocate_static_pie
 .text          0x0000000000400665        0x0 /usr/lib/gcc/x86_64-redhat-linux/8/../../../../lib64/crti.o
 *fill*         0x0000000000400665        0xb 
 .text          0x0000000000400670       0xa6 /usr/lib/gcc/x86_64-redhat-linux/8/crtbegin.o
 .text          0x0000000000400716       0xeb /tmp/cczrA4mr.o
                0x0000000000400716                main
 *fill*         0x0000000000400801        0xf 
 .text          0x0000000000400810       0x75 /usr/lib64/libc_nonshared.a(elf-init.oS)
                0x0000000000400810                __libc_csu_init
                0x0000000000400880                __libc_csu_fini
 .text          0x0000000000400885        0x0 /usr/lib64/libc_nonshared.a(elf-init.oS)
 .text          0x0000000000400885        0x0 /usr/lib/gcc/x86_64-redhat-linux/8/crtend.o
 .text          0x0000000000400885        0x0 /usr/lib/gcc/x86_64-redhat-linux/8/../../../../lib64/crtn.o
 *(.gnu.warning)

.fini           0x0000000000400888        0xd
 *(SORT_NONE(.fini))
 .fini          0x0000000000400888        0x8 /usr/lib/gcc/x86_64-redhat-linux/8/../../../../lib64/crti.o
                0x0000000000400888                _fini
 .fini          0x0000000000400890        0x5 /usr/lib/gcc/x86_64-redhat-linux/8/../../../../lib64/crtn.o
                [!provide]                        PROVIDE (__etext = .)
                [!provide]                        PROVIDE (_etext = .)
                [!provide]                        PROVIDE (etext = .)

.rodata         0x0000000000400898       0x78
 *(.rodata .rodata.* .gnu.linkonce.r.*)
 .rodata.cst4   0x0000000000400898        0x4 /usr/lib/gcc/x86_64-redhat-linux/8/../../../../lib64/crt1.o
                0x0000000000400898                _IO_stdin_used
 *fill*         0x000000000040089c        0x4 
 .rodata        0x00000000004008a0        0x8 /usr/lib/gcc/x86_64-redhat-linux/8/crtbegin.o
                0x00000000004008a0                __dso_handle
 .rodata        0x00000000004008a8       0x68 /tmp/cczrA4mr.o

.rodata1
 *(.rodata1)

.eh_frame_hdr   0x0000000000400910       0x3c
 *(.eh_frame_hdr)
 .eh_frame_hdr  0x0000000000400910       0x3c /usr/lib/gcc/x86_64-redhat-linux/8/../../../../lib64/crt1.o
                0x0000000000400910                __GNU_EH_FRAME_HDR
 *(.eh_frame_entry .eh_frame_entry.*)

.eh_frame       0x0000000000400950       0xe8
 *(.eh_frame)
 .eh_frame      0x0000000000400950       0x40 /usr/lib/gcc/x86_64-redhat-linux/8/../../../../lib64/crt1.o
                                         0x5c (size before relaxing)
 *fill*         0x0000000000400990        0x0 
 .eh_frame      0x0000000000400990       0x28 /usr/lib/gcc/x86_64-redhat-linux/8/../../../../lib64/crt1.o
                                         0x40 (size before relaxing)
 .eh_frame      0x00000000004009b8        0x0 /usr/lib/gcc/x86_64-redhat-linux/8/../../../../lib64/crt1.o
 .eh_frame      0x00000000004009b8       0x20 /tmp/cczrA4mr.o
                                         0x38 (size before relaxing)
 .eh_frame      0x00000000004009d8       0x5c /usr/lib64/libc_nonshared.a(elf-init.oS)
                                         0x78 (size before relaxing)
 .eh_frame      0x0000000000400a34        0x4 /usr/lib/gcc/x86_64-redhat-linux/8/crtend.o
 *(.eh_frame.*)

.gcc_except_table
 *(.gcc_except_table .gcc_except_table.*)

.gnu_extab
 *(.gnu_extab*)

.exception_ranges
 *(.exception_ranges .exception_ranges*)
                0x0000000000600e00                . = DATA_SEGMENT_ALIGN (CONSTANT (MAXPAGESIZE), CONSTANT (COMMONPAGESIZE))

.eh_frame
 *(.eh_frame)
 *(.eh_frame.*)

.gnu_extab
 *(.gnu_extab)

.gcc_except_table
 *(.gcc_except_table .gcc_except_table.*)

.exception_ranges
 *(.exception_ranges .exception_ranges*)

.tdata
 *(.tdata .tdata.* .gnu.linkonce.td.*)

.tbss
 *(.tbss .tbss.* .gnu.linkonce.tb.*)
 *(.tcommon)

.preinit_array  0x0000000000600e00        0x0
                [!provide]                        PROVIDE (__preinit_array_start = .)
 *(.preinit_array)
                [!provide]                        PROVIDE (__preinit_array_end = .)

.init_array     0x0000000000600e00        0x8
                0x0000000000600e00                PROVIDE (__init_array_start = .)
 *(SORT_BY_INIT_PRIORITY(.init_array.*) SORT_BY_INIT_PRIORITY(.ctors.*))
 *(.init_array EXCLUDE_FILE(*crtend?.o *crtend.o *crtbegin?.o *crtbegin.o) .ctors)
 .init_array    0x0000000000600e00        0x8 /usr/lib/gcc/x86_64-redhat-linux/8/crtbegin.o
                0x0000000000600e08                PROVIDE (__init_array_end = .)

.fini_array     0x0000000000600e08        0x8
                [!provide]                        PROVIDE (__fini_array_start = .)
 *(SORT_BY_INIT_PRIORITY(.fini_array.*) SORT_BY_INIT_PRIORITY(.dtors.*))
 *(.fini_array EXCLUDE_FILE(*crtend?.o *crtend.o *crtbegin?.o *crtbegin.o) .dtors)
 .fini_array    0x0000000000600e08        0x8 /usr/lib/gcc/x86_64-redhat-linux/8/crtbegin.o
                [!provide]                        PROVIDE (__fini_array_end = .)

.ctors
 *crtbegin.o(.ctors)
 *crtbegin?.o(.ctors)
 *(EXCLUDE_FILE(*crtend?.o *crtend.o) .ctors)
 *(SORT_BY_NAME(.ctors.*))
 *(.ctors)

.dtors
 *crtbegin.o(.dtors)
 *crtbegin?.o(.dtors)
 *(EXCLUDE_FILE(*crtend?.o *crtend.o) .dtors)
 *(SORT_BY_NAME(.dtors.*))
 *(.dtors)

.jcr
 *(.jcr)

.data.rel.ro    0x0000000000600e10        0x0
 *(.data.rel.ro.local* .gnu.linkonce.d.rel.ro.local.*)
 *(.data.rel.ro .data.rel.ro.* .gnu.linkonce.d.rel.ro.*)
 .data.rel.ro   0x0000000000600e10        0x0 /usr/lib/gcc/x86_64-redhat-linux/8/../../../../lib64/crt1.o

.dynamic        0x0000000000600e10      0x1d0
 *(.dynamic)
 .dynamic       0x0000000000600e10      0x1d0 /usr/lib/gcc/x86_64-redhat-linux/8/../../../../lib64/crt1.o
                0x0000000000600e10                _DYNAMIC

.got            0x0000000000600fe0       0x20
 *(.got)
 .got           0x0000000000600fe0       0x20 /usr/lib/gcc/x86_64-redhat-linux/8/../../../../lib64/crt1.o
 *(.igot)
                0x0000000000601fe8                . = DATA_SEGMENT_RELRO_END (., (SIZEOF (.got.plt) >= 0x18)?0x18:0x0)

.got.plt        0x0000000000601000       0x48
 *(.got.plt)
 .got.plt       0x0000000000601000       0x48 /usr/lib/gcc/x86_64-redhat-linux/8/../../../../lib64/crt1.o
                0x0000000000601000                _GLOBAL_OFFSET_TABLE_
 *(.igot.plt)
 .igot.plt      0x0000000000601048        0x0 /usr/lib/gcc/x86_64-redhat-linux/8/../../../../lib64/crt1.o

.data           0x0000000000601048        0x4
 *(.data .data.* .gnu.linkonce.d.*)
 .data          0x0000000000601048        0x4 /usr/lib/gcc/x86_64-redhat-linux/8/../../../../lib64/crt1.o
                0x0000000000601048                data_start
                0x0000000000601048                __data_start
 .data          0x000000000060104c        0x0 /usr/lib/gcc/x86_64-redhat-linux/8/../../../../lib64/crti.o
 .data          0x000000000060104c        0x0 /usr/lib/gcc/x86_64-redhat-linux/8/crtbegin.o
 .data          0x000000000060104c        0x0 /tmp/cczrA4mr.o
 .data          0x000000000060104c        0x0 /usr/lib64/libc_nonshared.a(elf-init.oS)
 .data          0x000000000060104c        0x0 /usr/lib/gcc/x86_64-redhat-linux/8/crtend.o
 .data          0x000000000060104c        0x0 /usr/lib/gcc/x86_64-redhat-linux/8/../../../../lib64/crtn.o

.tm_clone_table
                0x0000000000601050        0x0
 .tm_clone_table
                0x0000000000601050        0x0 /usr/lib/gcc/x86_64-redhat-linux/8/crtbegin.o
 .tm_clone_table
                0x0000000000601050        0x0 /usr/lib/gcc/x86_64-redhat-linux/8/crtend.o

.data1
 *(.data1)
                0x0000000000601050                _edata = .
                [!provide]                        PROVIDE (edata = .)
                0x0000000000601050                . = .
                0x0000000000601050                __bss_start = .

.bss            0x000000000060104c        0x4
 *(.dynbss)
 .dynbss        0x000000000060104c        0x0 /usr/lib/gcc/x86_64-redhat-linux/8/../../../../lib64/crt1.o
 *(.bss .bss.* .gnu.linkonce.b.*)
 .bss           0x000000000060104c        0x0 /usr/lib/gcc/x86_64-redhat-linux/8/../../../../lib64/crt1.o
 .bss           0x000000000060104c        0x0 /usr/lib/gcc/x86_64-redhat-linux/8/../../../../lib64/crti.o
 .bss           0x000000000060104c        0x1 /usr/lib/gcc/x86_64-redhat-linux/8/crtbegin.o
 .bss           0x000000000060104d        0x0 /tmp/cczrA4mr.o
 .bss           0x000000000060104d        0x0 /usr/lib64/libc_nonshared.a(elf-init.oS)
 .bss           0x000000000060104d        0x0 /usr/lib/gcc/x86_64-redhat-linux/8/crtend.o
 .bss           0x000000000060104d        0x0 /usr/lib/gcc/x86_64-redhat-linux/8/../../../../lib64/crtn.o
 *(COMMON)
                0x0000000000601050                . = ALIGN ((. != 0x0)?0x8:0x1)
 *fill*         0x000000000060104d        0x3 

.lbss
 *(.dynlbss)
 *(.lbss .lbss.* .gnu.linkonce.lb.*)
 *(LARGE_COMMON)
                0x0000000000601050                . = ALIGN (0x8)
                0x0000000000601050                . = SEGMENT_START ("ldata-segment", .)

.lrodata
 *(.lrodata .lrodata.* .gnu.linkonce.lr.*)

.ldata          0x0000000000a01050        0x0
 *(.ldata .ldata.* .gnu.linkonce.l.*)
                0x0000000000a01050                . = ALIGN ((. != 0x0)?0x8:0x1)
                0x0000000000a01050                . = ALIGN (0x8)
                0x0000000000a01050                _end = .
                [!provide]                        PROVIDE (end = .)
                0x0000000000a01050                . = DATA_SEGMENT_END (.)

.stab
 *(.stab)

.stabstr
 *(.stabstr)

.stab.excl
 *(.stab.excl)

.stab.exclstr
 *(.stab.exclstr)

.stab.index
 *(.stab.index)

.stab.indexstr
 *(.stab.indexstr)

.comment        0x0000000000000000       0x5a
 *(.comment)
 .comment       0x0000000000000000       0x2d /usr/lib/gcc/x86_64-redhat-linux/8/../../../../lib64/crt1.o
                                         0x5c (size before relaxing)
 .comment       0x000000000000002d       0x2d /usr/lib/gcc/x86_64-redhat-linux/8/crtbegin.o
                                         0x2e (size before relaxing)
 .comment       0x000000000000005a       0x2e /tmp/cczrA4mr.o
 .comment       0x000000000000005a       0x2e /usr/lib64/libc_nonshared.a(elf-init.oS)
 .comment       0x000000000000005a       0x2e /usr/lib/gcc/x86_64-redhat-linux/8/crtend.o

.gnu.build.attributes
                0x0000000000a01050     0x1db8
 *(.gnu.build.attributes .gnu.build.attributes.*)
 .gnu.build.attributes
                0x0000000000a01050      0x1d0 /usr/lib/gcc/x86_64-redhat-linux/8/../../../../lib64/crt1.o
 .gnu.build.attributes.hot
                0x0000000000a01220      0x1d0 /usr/lib/gcc/x86_64-redhat-linux/8/../../../../lib64/crt1.o
 .gnu.build.attributes.unlikely
                0x0000000000a013f0      0x1d0 /usr/lib/gcc/x86_64-redhat-linux/8/../../../../lib64/crt1.o
 .gnu.build.attributes.startup
                0x0000000000a015c0      0x1d0 /usr/lib/gcc/x86_64-redhat-linux/8/../../../../lib64/crt1.o
 .gnu.build.attributes.exit
                0x0000000000a01790      0x1d0 /usr/lib/gcc/x86_64-redhat-linux/8/../../../../lib64/crt1.o
 .gnu.build.attributes
                0x0000000000a01960      0x230 /usr/lib/gcc/x86_64-redhat-linux/8/../../../../lib64/crt1.o
 .gnu.build.attributes.hot
                0x0000000000a01b90      0x1d0 /usr/lib/gcc/x86_64-redhat-linux/8/../../../../lib64/crt1.o
 .gnu.build.attributes.unlikely
                0x0000000000a01d60      0x1d0 /usr/lib/gcc/x86_64-redhat-linux/8/../../../../lib64/crt1.o
 .gnu.build.attributes.startup
                0x0000000000a01f30      0x1d0 /usr/lib/gcc/x86_64-redhat-linux/8/../../../../lib64/crt1.o
 .gnu.build.attributes.exit
                0x0000000000a02100      0x1d0 /usr/lib/gcc/x86_64-redhat-linux/8/../../../../lib64/crt1.o
 .gnu.build.attributes
                0x0000000000a022d0       0x48 /usr/lib/gcc/x86_64-redhat-linux/8/../../../../lib64/crt1.o
 .gnu.build.attributes
                0x0000000000a02318       0x6c /usr/lib/gcc/x86_64-redhat-linux/8/../../../../lib64/crti.o
 .gnu.build.attributes
                0x0000000000a02384       0x24 /usr/lib/gcc/x86_64-redhat-linux/8/crtbegin.o
 .gnu.build.attributes
                0x0000000000a023a8      0x290 /usr/lib64/libc_nonshared.a(elf-init.oS)
 .gnu.build.attributes.hot
                0x0000000000a02638      0x1d0 /usr/lib64/libc_nonshared.a(elf-init.oS)
 .gnu.build.attributes.unlikely
                0x0000000000a02808      0x1d0 /usr/lib64/libc_nonshared.a(elf-init.oS)
 .gnu.build.attributes.startup
                0x0000000000a029d8      0x1d0 /usr/lib64/libc_nonshared.a(elf-init.oS)
 .gnu.build.attributes.exit
                0x0000000000a02ba8      0x1d0 /usr/lib64/libc_nonshared.a(elf-init.oS)
 .gnu.build.attributes
                0x0000000000a02d78       0x24 /usr/lib/gcc/x86_64-redhat-linux/8/crtend.o
 .gnu.build.attributes
                0x0000000000a02d9c       0x6c /usr/lib/gcc/x86_64-redhat-linux/8/../../../../lib64/crtn.o

.debug
 *(.debug)

.line
 *(.line)

.debug_srcinfo
 *(.debug_srcinfo)

.debug_sfnames
 *(.debug_sfnames)

.debug_aranges  0x0000000000000000       0x30
 *(.debug_aranges)
 .debug_aranges
                0x0000000000000000       0x30 /tmp/cczrA4mr.o

.debug_pubnames
 *(.debug_pubnames)

.debug_info     0x0000000000000000      0x3cc
 *(.debug_info .gnu.linkonce.wi.*)
 .debug_info    0x0000000000000000      0x3cc /tmp/cczrA4mr.o

.debug_abbrev   0x0000000000000000       0xdf
 *(.debug_abbrev)
 .debug_abbrev  0x0000000000000000       0xdf /tmp/cczrA4mr.o

.debug_line     0x0000000000000000      0x13e
 *(.debug_line .debug_line.* .debug_line_end)
 .debug_line    0x0000000000000000      0x13e /tmp/cczrA4mr.o

.debug_frame
 *(.debug_frame)

.debug_str      0x0000000000000000      0x2a7
 *(.debug_str)
 .debug_str     0x0000000000000000      0x2a7 /tmp/cczrA4mr.o
                                        0x306 (size before relaxing)

.debug_loc
 *(.debug_loc)

.debug_macinfo
 *(.debug_macinfo)

.debug_weaknames
 *(.debug_weaknames)

.debug_funcnames
 *(.debug_funcnames)

.debug_typenames
 *(.debug_typenames)

.debug_varnames
 *(.debug_varnames)

.debug_pubtypes
 *(.debug_pubtypes)

.debug_ranges
 *(.debug_ranges)

.debug_macro
 *(.debug_macro)

.debug_addr
 *(.debug_addr)

.gnu.attributes
 *(.gnu.attributes)

/DISCARD/
 *(.note.GNU-stack)
 *(.gnu_debuglink)
 *(.gnu.lto_*)
 *(.gnu_object_only)
OUTPUT(/build/sigsegv elf64-x86-64)
